실측 로그. OpenCR 빌드·업로드가이드 8~9단계 실제 실행 결과.

pak@pak:~$ PORT=/dev/ttyACM0
udevadm info --query=property --name="$PORT"
test -r "$PORT" && test -w "$PORT" && echo 'Port access OK'
DEVPATH=/devices/platform/scb/fd500000.pcie/pci0000:00/0000:00:00.0/0000:01:00.0/usb1/1-1/1-1.3/1-1.3:1.0/tty/ttyACM0
DEVNAME=/dev/ttyACM0
MAJOR=166
MINOR=0
SUBSYSTEM=tty
USEC_INITIALIZED=20879553
ID_BUS=usb
ID_VENDOR_ID=0483
ID_MODEL_ID=5740
ID_PCI_CLASS_FROM_DATABASE=Serial bus controller
ID_PCI_SUBCLASS_FROM_DATABASE=USB controller
ID_PCI_INTERFACE_FROM_DATABASE=XHCI
ID_VENDOR_FROM_DATABASE=STMicroelectronics
ID_MODEL_FROM_DATABASE=Virtual COM Port
ID_VENDOR=ROBOTIS
ID_VENDOR_ENC=ROBOTIS
ID_MODEL=OpenCR_Virtual_ComPort_in_FS_Mode
ID_MODEL_ENC=OpenCR\x20Virtual\x20ComPort\x20in\x20FS\x20Mode
ID_REVISION=0200
ID_SERIAL=ROBOTIS_OpenCR_Virtual_ComPort_in_FS_Mode_FFFFFFFEFFFF
ID_SERIAL_SHORT=FFFFFFFEFFFF
ID_TYPE=generic
ID_USB_INTERFACES=:020201:0a0000:
ID_USB_INTERFACE_NUM=00
ID_USB_DRIVER=cdc_acm
ID_USB_CLASS_FROM_DATABASE=Communications
ID_PATH=platform-fd500000.pcie-pci-0000:01:00.0-usb-0:1.3:1.0
ID_PATH_TAG=platform-fd500000_pcie-pci-0000_01_00_0-usb-0_1_3_1_0
ID_MM_CANDIDATE=1
ID_MM_DEVICE_IGNORE=1
DEVLINKS=/dev/serial/by-path/platform-fd500000.pcie-pci-0000:01:00.0-usb-0:1.3:1.0 /dev/serial/by-id/usb-ROBOTIS_OpenCR_Virtual_ComPort_in_FS_Mode_FFFFFFFEFFFF-if00
TAGS=:systemd:
CURRENT_TAGS=:systemd:
Port access OK

pak@pak:~$ UPLOADER="$BASE/uploader-src/arduino/opencr_develop/opencr_ld/opencr_ld"
set -o pipefail
"$UPLOADER" "$PORT" 115200 \
  "$BASE/output/opencr_position_p.ino.bin" 1 \
  2>&1 | tee "$BASE/upload.log"
opencr_ld ver 1.0.4
opencr_ld_main
>>
file name : /home/pak/pa-opencr-build/output/opencr_position_p.ino.bin
file size : 102 KB
Open port OK
Clear Buffer Start
Clear Buffer End
Board Name : OpenCR R1.0
Board Ver  : 0x17020800
Board Rev  : 0x00000000
>>
flash_erase : 0 : 0.911000 sec
flash_write : 0 : 1.172000 sec
CRC OK 9B55F6 9B55F6 0.003000 sec
[OK] Download
jump_to_fw
jump finished


ls -l /dev/ttyACM*
PORT=/dev/ttyACM0
python3 -m serial.tools.miniterm "$PORT" 115200 --eol LF -e


pak@pak:~$ ls -l /dev/ttyACM*
PORT=/dev/ttyACM0
python3 -m serial.tools.miniterm "$PORT" 115200 --eol LF -e
crw-rw-rw- 1 root dialout 166, 0 Sep 29 09:42 /dev/ttyACM0
--- Miniterm on /dev/ttyACM0  115200,8,N,1 ---
--- Quit: Ctrl+] | Menu: Ctrl+T | Help: Ctrl+T followed by Ctrl+H ---
s 0.1 50␛[C90
Invalid setting. Finite Kp, positive speed or max, angle -90..90. Use k/v/a or s <Kp> <speed_deg_s|max> <angle_deg>.
s 1 50 90
START: current position = 0 deg.
P SET Kp=1.0000, Ki=0.0000, Kd=0.0000, speed_limit_deg_s=50.000, angle_deg=90.000
Run timeout [s]: 60.0
target_deg:0.000	position_deg:0.000	error_deg:0.000	p_deg_s:0.000	i_deg_s:0.000	d_deg_s:0.000	pid_deg_s:0.000	speed_deg_s:0.000	u_deg_s:0.000	v_limit_deg_s:50.000	dt_ms:10.001	kp:1.0000	ki:0.0000	kd:0.0000	t_s:0.100
target_deg:0.000	position_deg:0.000	error_deg:0.000	p_deg_s:0.000	i_deg_s:0.000	d_deg_s:0.000	pid_deg_s:0.000	speed_deg_s:0.000	u_deg_s:0.000	v_limit_deg_s:50.000	dt_ms:10.000	kp:1.0000	ki:0.0000	kd:0.0000	t_s:0.200

