pak@pak:~$  python3 -m serial.tools.miniterm "$PORT" 115200 --eol LF -e
--- Miniterm on /dev/ttyACM0  115200,8,N,1 ---
--- Quit: Ctrl+] | Menu: Ctrl+T | Help: Ctrl+T followed by Ctrl+H ---
s 2 30 20
START: current position = 0 deg.
P SET Kp=2.0000, Ki=0.0000, Kd=0.0000, speed_limit_deg_s=30.000, angle_deg=20.000
Run timeout [s]: 60.0
target_deg:0.000	position_deg:0.000	error_deg:0.000	p_deg_s:0.000i_deg_s:0.000	d_deg_s:0.000	pid_deg_s:0.000	speed_deg_s:0.000	u_deg_s:0.000	v_limit_deg_s:30.000	dt_ms:10.001	kp:2.0000	ki:0.0000	kd:0.0000	t_s:0.100
target_deg:0.000	position_deg:0.000	error_deg:0.000	p_deg_s:0.000i_deg_s:0.000	d_deg_s:0.000	pid_deg_s:0.000	speed_deg_s:0.000	u_deg_s:0.000	v_limit_deg_s:30.000	dt_ms:10.000	kp:2.0000	ki:0.0000	kd:0.0000	t_s:0.200
target_deg:0.000	position_deg:0.000	error_deg:0.000	p_deg_s:0.000i_deg_s:0.000	d_deg_s:0.000	pid_deg_s:0.000	speed_deg_s:0.000	u_deg_s:0.000	v_limit_deg_s:30.000	dt_ms:10.001	kp:2.0000	ki:0.0000	kd:0.0000	t_s:0.300
target_deg:0.000	position_deg:0.000	error_deg:0.000	p_deg_s:0.000i_deg_s:0.000	d_deg_s:0.000	pid_deg_s:0.000	speed_deg_s:0.000	u_deg_s:0.000	v_limit_deg_s:30.000	dt_ms:10.000	kp:2.0000	ki:0.0000	kd:0.0000	t_s:0.400
target_deg:0.000	position_deg:0.000	error_deg:0.000	p_deg_s:0.000i_deg_s:0.000	d_deg_s:0.000	pid_deg_s:0.000	speed_deg_s:0.000	u_deg_s:0.000	v_limit_deg_s:30.000	dt_ms:10.000	kp:2.0000	ki:0.0000	kd:0.0000	t_s:0.500
target_deg:0.000	position_deg:0.000	error_deg:0.000	p_deg_s:0.000i_deg_s:0.000	d_deg_s:0.000	pid_deg_s:0.000	speed_deg_s:0.000	u_deg_s:0.000	v_limit_deg_s:30.000	dt_ms:10.000	kp:2.0000	ki:0.0000	kd:0.0000	t_s:0.600
target_deg:0.000	position_deg:0.000	error_deg:0.000	p_deg_s:0.000i_deg_s:0.000	d_deg_s:0.000	pid_deg_s:0.000	speed_deg_s:0.000	u_deg_s:0.000	v_limit_deg_s:30.000	dt_ms:10.000	kp:2.0000	ki:0.0000	kd:0.0000	t_s:0.700
target_deg:0.000	position_deg:0.000	error_deg:0.000	p_deg_s:0.000i_deg_s:0.000	d_deg_s:0.000	pid_deg_s:0.000	speed_deg_s:0.000	u_deg_s:0.000	v_limit_deg_s:30.000	dt_ms:10.000	kp:2.0000	ki:0.0000	kd:0.0000	t_s:0.800
target_deg:0.000	position_deg:0.000	error_deg:0.000	p_deg_s:0.000i_deg_s:0.000	d_deg_s:0.000	pid_deg_s:0.000	speed_deg_s:0.000	u_deg_s:0.000	v_limit_deg_s:30.000	dt_ms:10.000	kp:2.0000	ki:0.0000	kd:0.0000	t_s:0.900
target_deg:0.000	position_deg:0.000	error_deg:0.000	p_deg_s:0.000i_deg_s:0.000	d_deg_s:0.000	pid_deg_s:0.000	speed_deg_s:0.000	u_deg_s:0.000	v_limit_deg_s:30.000	dt_ms:10.000	kp:2.0000	ki:0.0000	kd:0.0000	t_s:1.000
target_deg:0.000	position_deg:0.000	error_deg:0.000	p_deg_s:0.000i_deg_s:0.000	d_deg_s:0.000	pid_deg_s:0.000	speed_deg_s:0.000	u_deg_s:0.000	v_limit_deg_s:30.000	dt_ms:10.001	kp:2.0000	ki:0.0000	kd:0.0000	t_s:1.100
target_deg:0.000	position_deg:0.000	error_deg:0.000	p_deg_s:0.000i_deg_s:0.000	d_deg_s:0.000	pid_deg_s:0.000	speed_deg_s:0.000	u_deg_s:0.000	v_limit_deg_s:30.000	dt_ms:10.001	kp:2.0000	ki:0.0000	kd:0.0000	t_s:1.200
target_deg:0.000	position_deg:0.000	error_deg:0.000	p_deg_s:0.000i_deg_s:0.000	d_deg_s:0.000	pid_deg_s:0.000	speed_deg_s:0.000	u_deg_s:0.000	v_limit_deg_s:30.000	dt_ms:10.000	kp:2.0000	ki:0.0000	kd:0.0000	t_s:1.300
target_deg:0.000	position_deg:0.000	error_deg:0.000	p_deg_s:0.000i_deg_s:0.000	d_deg_s:0.000	pid_deg_s:0.000	speed_deg_s:0.000	u_deg_s:0.000	v_limit_deg_s:30.000	dt_ms:10.000	kp:2.0000	ki:0.0000	kd:0.0000	t_s:1.400
target_deg:0.000	position_deg:0.000	error_deg:0.000	p_deg_s:0.000i_deg_s:0.000	d_deg_s:0.000	pid_deg_s:0.000	speed_deg_s:0.000	u_deg_s:0.000	v_limit_deg_s:30.000	dt_ms:10.001	kp:2.0000	ki:0.0000	kd:0.0000	t_s:1.500
target_deg:0.000	position_deg:0.000	error_deg:0.000	p_deg_s:0.000i_deg_s:0.000	d_deg_s:0.000	pid_deg_s:0.000	speed_deg_s:0.000	u_deg_s:0.000	v_limit_deg_s:30.000	dt_ms:10.000	kp:2.0000	ki:0.0000	kd:0.0000	t_s:1.600
target_deg:0.000	position_deg:0.000	error_deg:0.000	p_deg_s:0.000i_deg_s:0.000	d_deg_s:0.000	pid_deg_s:0.000	speed_deg_s:0.000	u_deg_s:0.000	v_limit_deg_s:30.000	dt_ms:10.000	kp:2.0000	ki:0.0000	kd:0.0000	t_s:1.700
target_deg:0.000	position_deg:0.000	error_deg:0.000	p_deg_s:0.000i_deg_s:0.000	d_deg_s:0.000	pid_deg_s:0.000	speed_deg_s:0.000	u_deg_s:0.000	v_limit_deg_s:30.000	dt_ms:10.000	kp:2.0000	ki:0.0000	kd:0.0000	t_s:1.800
target_deg:0.000	position_deg:0.000	error_deg:0.000	p_deg_s:0.000i_deg_s:0.000	d_deg_s:0.000	pid_deg_s:0.000	speed_deg_s:0.000	u_deg_s:0.000	v_limit_deg_s:30.000	dt_ms:10.001	kp:2.0000	ki:0.0000	kd:0.0000	t_s:1.900
target_deg:20.000	position_deg:0.000	error_deg:20.000	p_deg_s:40.000	i_deg_s:0.000	d_deg_s:0.000	pid_deg_s:40.000	speed_deg_s:0.000	u_deg_s:28.854	v_limit_deg_s:30.000	dt_ms:10.001	kp:2.0000	ki:0.0000	kd:0.0000	t_s:2.000
target_deg:20.000	position_deg:0.088	error_deg:19.912	p_deg_s:39.824	i_deg_s:0.000	d_deg_s:0.000	pid_deg_s:39.824	speed_deg_s:0.000	u_deg_s:28.854	v_limit_deg_s:30.000	dt_ms:10.001	kp:2.0000	ki:0.0000	kd:0.0000	t_s:2.100
target_deg:20.000	position_deg:1.055	error_deg:18.945	p_deg_s:37.891	i_deg_s:0.000	d_deg_s:0.000	pid_deg_s:37.891	speed_deg_s:8.244	u_deg_s:28.854	v_limit_deg_s:30.000	dt_ms:10.001	kp:2.0000	ki:0.0000	kd:0.0000	t_s:2.200
target_deg:20.000	position_deg:3.076	error_deg:16.924	p_deg_s:33.848	i_deg_s:0.000	d_deg_s:0.000	pid_deg_s:33.848	speed_deg_s:19.236	u_deg_s:28.854	v_limit_deg_s:30.000	dt_ms:10.000	kp:2.0000	ki:0.0000	kd:0.0000	t_s:2.300
target_deg:20.000	position_deg:5.713	error_deg:14.287	p_deg_s:28.574	i_deg_s:0.000	d_deg_s:0.000	pid_deg_s:28.574	speed_deg_s:26.106	u_deg_s:28.854	v_limit_deg_s:30.000	dt_ms:10.001	kp:2.0000	ki:0.0000	kd:0.0000	t_s:2.400
target_deg:20.000	position_deg:8.438	error_deg:11.562	p_deg_s:23.125	i_deg_s:0.000	d_deg_s:0.000	pid_deg_s:23.125	speed_deg_s:27.480	u_deg_s:23.358	v_limit_deg_s:30.000	dt_ms:10.001	kp:2.0000	ki:0.0000	kd:0.0000	t_s:2.500
target_deg:20.000	position_deg:10.811	error_deg:9.189	p_deg_s:18.379	i_deg_s:0.000	d_deg_s:0.000	pid_deg_s:18.379	speed_deg_s:21.984	u_deg_s:17.862	v_limit_deg_s:30.000	dt_ms:10.000	kp:2.0000	ki:0.0000	kd:0.0000	t_s:2.600
target_deg:20.000	position_deg:12.656	error_deg:7.344	p_deg_s:14.687	i_deg_s:0.000	d_deg_s:0.000	pid_deg_s:14.687	speed_deg_s:17.862	u_deg_s:15.114	v_limit_deg_s:30.000	dt_ms:10.000	kp:2.0000	ki:0.0000	kd:0.0000	t_s:2.700
target_deg:20.000	position_deg:14.063	error_deg:5.937	p_deg_s:11.875	i_deg_s:0.000	d_deg_s:0.000	pid_deg_s:11.875	speed_deg_s:15.114	u_deg_s:12.366	v_limit_deg_s:30.000	dt_ms:10.000	kp:2.0000	ki:0.0000	kd:0.0000	t_s:2.800
target_deg:20.000	position_deg:15.293	error_deg:4.707	p_deg_s:9.414i_deg_s:0.000	d_deg_s:0.000	pid_deg_s:9.414	speed_deg_s:10.992	u_deg_s:9.618	v_limit_deg_s:30.000	dt_ms:10.000	kp:2.0000	ki:0.0000	kd:0.0000	t_s:2.900
target_deg:20.000	position_deg:16.260	error_deg:3.740	p_deg_s:7.480i_deg_s:0.000	d_deg_s:0.000	pid_deg_s:7.480	speed_deg_s:8.244	u_deg_s:6.870	v_limit_deg_s:30.000	dt_ms:10.000	kp:2.0000	ki:0.0000	kd:0.0000	t_s:3.000
target_deg:20.000	position_deg:17.051	error_deg:2.949	p_deg_s:5.898i_deg_s:0.000	d_deg_s:0.000	pid_deg_s:5.898	speed_deg_s:6.870	u_deg_s:5.496	v_limit_deg_s:30.000	dt_ms:10.000	kp:2.0000	ki:0.0000	kd:0.0000	t_s:3.100
target_deg:20.000	position_deg:17.666	error_deg:2.334	p_deg_s:4.668i_deg_s:0.000	d_deg_s:0.000	pid_deg_s:4.668	speed_deg_s:5.496	u_deg_s:4.122	v_limit_deg_s:30.000	dt_ms:10.000	kp:2.0000	ki:0.0000	kd:0.0000	t_s:3.200
target_deg:20.000	position_deg:18.105	error_deg:1.895	p_deg_s:3.789i_deg_s:0.000	d_deg_s:0.000	pid_deg_s:3.789	speed_deg_s:4.122	u_deg_s:4.122	v_limit_deg_s:30.000	dt_ms:10.000	kp:2.0000	ki:0.0000	kd:0.0000	t_s:3.300
target_deg:20.000	position_deg:18.457	error_deg:1.543	p_deg_s:3.086i_deg_s:0.000	d_deg_s:0.000	pid_deg_s:3.086	speed_deg_s:2.748	u_deg_s:2.748	v_limit_deg_s:30.000	dt_ms:10.000	kp:2.0000	ki:0.0000	kd:0.0000	t_s:3.400
target_deg:20.000	position_deg:18.809	error_deg:1.191	p_deg_s:2.383i_deg_s:0.000	d_deg_s:0.000	pid_deg_s:2.383	speed_deg_s:2.748	u_deg_s:2.748	v_limit_deg_s:30.000	dt_ms:10.001	kp:2.0000	ki:0.0000	kd:0.0000	t_s:3.500
target_deg:20.000	position_deg:19.072	error_deg:0.928	p_deg_s:1.855i_deg_s:0.000	d_deg_s:0.000	pid_deg_s:1.855	speed_deg_s:1.374	u_deg_s:1.374	v_limit_deg_s:30.000	dt_ms:10.000	kp:2.0000	ki:0.0000	kd:0.0000	t_s:3.600
target_deg:20.000	position_deg:19.248	error_deg:0.752	p_deg_s:1.504i_deg_s:0.000	d_deg_s:0.000	pid_deg_s:1.504	speed_deg_s:1.374	u_deg_s:1.374	v_limit_deg_s:30.000	dt_ms:10.000	kp:2.0000	ki:0.0000	kd:0.0000	t_s:3.700
target_deg:20.000	position_deg:19.424	error_deg:0.576	p_deg_s:1.152i_deg_s:0.000	d_deg_s:0.000	pid_deg_s:1.152	speed_deg_s:1.374	u_deg_s:1.374	v_limit_deg_s:30.000	dt_ms:10.001	kp:2.0000	ki:0.0000	kd:0.0000	t_s:3.800
target_deg:20.000	position_deg:19.600	error_deg:0.400	p_deg_s:0.801i_deg_s:0.000	d_deg_s:0.000	pid_deg_s:0.801	speed_deg_s:0.000	u_deg_s:1.374	v_limit_deg_s:30.000	dt_ms:10.000	kp:2.0000	ki:0.0000	kd:0.0000	t_s:3.900
target_deg:20.000	position_deg:19.688	error_deg:0.312	p_deg_s:0.625i_deg_s:0.000	d_deg_s:0.000	pid_deg_s:0.625	speed_deg_s:0.000	u_deg_s:0.000	v_limit_deg_s:30.000	dt_ms:10.000	kp:2.0000	ki:0.0000	kd:0.0000	t_s:4.000
target_deg:20.000	position_deg:19.688	error_deg:0.312	p_deg_s:0.625i_deg_s:0.000	d_deg_s:0.000	pid_deg_s:0.625	speed_deg_s:0.000	u_deg_s:0.000	v_limit_deg_s:30.000	dt_ms:10.000	kp:2.0000	ki:0.0000	kd:0.0000	t_s:4.100
target_deg:20.000	position_deg:19.688	error_deg:0.312	p_deg_s:0.625i_deg_s:0.000	d_deg_s:0.000	pid_deg_s:0.625	speed_deg_s:0.000	u_deg_s:0.000	v_limit_deg_s:30.000	dt_ms:10.001	kp:2.0000	ki:0.0000	kd:0.0000	t_s:4.200
target_deg:20.000	position_deg:19.688	error_deg:0.312	p_deg_s:0.625i_deg_s:0.000	d_deg_s:0.000	pid_deg_s:0.625	speed_deg_s:0.000	u_deg_s:0.000	v_limit_deg_s:30.000	dt_ms:10.000	kp:2.0000	ki:0.0000	kd:0.0000	t_s:4.300
target_deg:20.000	position_deg:19.688	error_deg:0.312	p_deg_s:0.625i_deg_s:0.000	d_deg_s:0.000	pid_deg_s:0.625	speed_deg_s:0.000	u_deg_s:0.000	v_limit_deg_s:30.000	dt_ms:10.000	kp:2.0000	ki:0.0000	kd:0.0000	t_s:4.400
target_deg:20.000	position_deg:19.688	error_deg:0.312	p_deg_s:0.625i_deg_s:0.000	d_deg_s:0.000	pid_deg_s:0.625	speed_deg_s:0.000	u_deg_s:0.000	v_limit_deg_s:30.000	dt_ms:10.000	kp:2.0000	ki:0.0000	kd:0.0000	t_s:4.500
target_deg:20.000	position_deg:19.688	error_deg:0.312	p_deg_s:0.625i_deg_s:0.000	d_deg_s:0.000	pid_deg_s:0.625	speed_deg_s:0.000	u_deg_s:0.000	v_limit_deg_s:30.000	dt_ms:10.000	kp:2.0000	ki:0.0000	kd:0.0000	t_s:4.600
target_deg:20.000	position_deg:19.688	error_deg:0.312	p_deg_s:0.625i_deg_s:0.000	d_deg_s:0.000	pid_deg_s:0.625	speed_deg_s:0.000	u_deg_s:0.000	v_limit_deg_s:30.000	dt_ms:10.000	kp:2.0000	ki:0.0000	kd:0.0000	t_s:4.700
target_deg:20.000	position_deg:19.688	error_deg:0.312	p_deg_s:0.625i_deg_s:0.000	d_deg_s:0.000	pid_deg_s:0.625	speed_deg_s:0.000	u_deg_s:0.000	v_limit_deg_s:30.000	dt_ms:10.000	kp:2.0000	ki:0.0000	kd:0.0000	t_s:4.800
target_deg:20.000	position_deg:19.688	error_deg:0.312	p_deg_s:0.625i_deg_s:0.000	d_deg_s:0.000	pid_deg_s:0.625	speed_deg_s:0.000	u_deg_s:0.000	v_limit_deg_s:30.000	dt_ms:10.000	kp:2.0000	ki:0.0000	kd:0.0000	t_s:4.900
target_deg:20.000	position_deg:19.688	error_deg:0.312	p_deg_s:0.625i_deg_s:0.000	d_deg_s:0.000	pid_deg_s:0.625	speed_deg_s:0.000	u_deg_s:0.000	v_limit_deg_s:30.000	dt_ms:10.000	kp:2.0000	ki:0.0000	kd:0.0000	t_s:5.000
target_deg:20.000	position_deg:19.688	error_deg:0.312	p_deg_s:0.625i_deg_s:0.000	d_deg_s:0.000	pid_deg_s:0.625	speed_deg_s:0.000	u_deg_s:0.000	v_limit_deg_s:30.000	dt_ms:10.000	kp:2.0000	ki:0.0000	kd:0.0000	t_s:5.100
target_deg:20.000	position_deg:19.688	error_deg:0.312	p_deg_s:0.625i_deg_s:0.000	d_deg_s:0.000	pid_deg_s:0.625	speed_deg_s:0.000	u_deg_s:0.000	v_limit_deg_s:30.000	dt_ms:10.000	kp:2.0000	ki:0.0000	kd:0.0000	t_s:5.200
target_deg:20.000	position_deg:19.688	error_deg:0.312	p_deg_s:0.625i_deg_s:0.000	d_deg_s:0.000	pid_deg_s:0.625	speed_deg_s:0.000	u_deg_s:0.000	v_limit_deg_s:30.000	dt_ms:10.000	kp:2.0000	ki:0.0000	kd:0.0000	t_s:5.300
target_deg:20.000	position_deg:19.688	error_deg:0.312	p_deg_s:0.625i_deg_s:0.000	d_deg_s:0.000	pid_deg_s:0.625	speed_deg_s:0.000	u_deg_s:0.000	v_limit_deg_s:30.000	dt_ms:10.001	kp:2.0000	ki:0.0000	kd:0.0000	t_s:5.400
target_deg:20.000	position_deg:19.688	error_deg:0.312	p_deg_s:0.625i_deg_s:0.000	d_deg_s:0.000	pid_deg_s:0.625	speed_deg_s:0.000	u_deg_s:0.000	v_limit_deg_s:30.000	dt_ms:10.000	kp:2.0000	ki:0.0000	kd:0.0000	t_s:5.500
target_deg:20.000	position_deg:19.688	error_deg:0.312	p_deg_s:0.625i_deg_s:0.000	d_deg_s:0.000	pid_deg_s:0.625	speed_deg_s:0.000	u_deg_s:0.000	v_limit_deg_s:30.000	dt_ms:10.000	kp:2.0000	ki:0.0000	kd:0.0000	t_s:5.600
target_deg:20.000	position_deg:19.688	error_deg:0.312	p_deg_s:0.625i_deg_s:0.000	d_deg_s:0.000	pid_deg_s:0.625	speed_deg_s:0.000	u_deg_s:0.000	v_limit_deg_s:30.000	dt_ms:10.001	kp:2.0000	ki:0.0000	kd:0.0000	t_s:5.700
target_deg:20.000	position_deg:19.688	error_deg:0.312	p_deg_s:0.625i_deg_s:0.000	d_deg_s:0.000	pid_deg_s:0.625	speed_deg_s:0.000	u_deg_s:0.000	v_limit_deg_s:30.000	dt_ms:10.000	kp:2.0000	ki:0.0000	kd:0.0000	t_s:5.800
target_deg:20.000	position_deg:19.688	error_deg:0.312	p_deg_s:0.625i_deg_s:0.000	d_deg_s:0.000	pid_deg_s:0.625	speed_deg_s:0.000	u_deg_s:0.000	v_limit_deg_s:30.000	dt_ms:10.000	kp:2.0000	ki:0.0000	kd:0.0000	t_s:5.900
target_deg:20.000	position_deg:19.688	error_deg:0.312	p_deg_s:0.625i_deg_s:0.000	d_deg_s:0.000	pid_deg_s:0.625	speed_deg_s:0.000	u_deg_s:0.000	v_limit_deg_s:30.000	dt_ms:10.000	kp:2.0000	ki:0.0000	kd:0.0000	t_s:6.000
target_deg:20.000	position_deg:19.688	error_deg:0.312	p_deg_s:0.625i_deg_s:0.000	d_deg_s:0.000	pid_deg_s:0.625	speed_deg_s:0.000	u_deg_s:0.000	v_limit_deg_s:30.000	dt_ms:10.001	kp:2.0000	ki:0.0000	kd:0.0000	t_s:6.100
target_deg:20.000	position_deg:19.688	error_deg:0.312	p_deg_s:0.625i_deg_s:0.000	d_deg_s:0.000	pid_deg_s:0.625	speed_deg_s:0.000	u_deg_s:0.000	v_limit_deg_s:30.000	dt_ms:10.000	kp:2.0000	ki:0.0000	kd:0.0000	t_s:6.200
xSTOP: user
