pak@pak:~$ PORT=/dev/ttyACM0
pak@pak:~$  python3 -m serial.tools.miniterm "$PORT" 115200 --eol LF -e
--- Miniterm on /dev/ttyACM0  115200,8,N,1 ---
--- Quit: Ctrl+] | Menu: Ctrl+T | Help: Ctrl+T followed by Ctrl+H ---
s 1 30 20
START: current position = 0 deg.
P SET Kp=1.0000, Ki=0.0000, Kd=0.0000, speed_limit_deg_s=30.000, angle_deg=20.000
Run timeout [s]: 60.0
target_deg:0.000	position_deg:0.000	error_deg:0.000	p_deg_s:0.000i_deg_s:0.000	d_deg_s:0.000	pid_deg_s:0.000	speed_deg_s:0.000	u_deg_s:0.000	v_limit_deg_s:30.000	dt_ms:10.000	kp:1.0000	ki:0.0000	kd:0.0000	t_s:0.100
target_deg:0.000	position_deg:0.000	error_deg:0.000	p_deg_s:0.000i_deg_s:0.000	d_deg_s:0.000	pid_deg_s:0.000	speed_deg_s:0.000	u_deg_s:0.000	v_limit_deg_s:30.000	dt_ms:10.000	kp:1.0000	ki:0.0000	kd:0.0000	t_s:0.200
target_deg:0.000	position_deg:0.000	error_deg:0.000	p_deg_s:0.000i_deg_s:0.000	d_deg_s:0.000	pid_deg_s:0.000	speed_deg_s:0.000	u_deg_s:0.000	v_limit_deg_s:30.000	dt_ms:10.000	kp:1.0000	ki:0.0000	kd:0.0000	t_s:0.300
target_deg:0.000	position_deg:0.000	error_deg:0.000	p_deg_s:0.000i_deg_s:0.000	d_deg_s:0.000	pid_deg_s:0.000	speed_deg_s:0.000	u_deg_s:0.000	v_limit_deg_s:30.000	dt_ms:10.000	kp:1.0000	ki:0.0000	kd:0.0000	t_s:0.400
target_deg:0.000	position_deg:0.000	error_deg:0.000	p_deg_s:0.000i_deg_s:0.000	d_deg_s:0.000	pid_deg_s:0.000	speed_deg_s:0.000	u_deg_s:0.000	v_limit_deg_s:30.000	dt_ms:10.000	kp:1.0000	ki:0.0000	kd:0.0000	t_s:0.500
target_deg:0.000	position_deg:0.000	error_deg:0.000	p_deg_s:0.000i_deg_s:0.000	d_deg_s:0.000	pid_deg_s:0.000	speed_deg_s:0.000	u_deg_s:0.000	v_limit_deg_s:30.000	dt_ms:10.000	kp:1.0000	ki:0.0000	kd:0.0000	t_s:0.600
target_deg:0.000	position_deg:0.000	error_deg:0.000	p_deg_s:0.000i_deg_s:0.000	d_deg_s:0.000	pid_deg_s:0.000	speed_deg_s:0.000	u_deg_s:0.000	v_limit_deg_s:30.000	dt_ms:10.000	kp:1.0000	ki:0.0000	kd:0.0000	t_s:0.700
target_deg:0.000	position_deg:0.000	error_deg:0.000	p_deg_s:0.000i_deg_s:0.000	d_deg_s:0.000	pid_deg_s:0.000	speed_deg_s:0.000	u_deg_s:0.000	v_limit_deg_s:30.000	dt_ms:10.001	kp:1.0000	ki:0.0000	kd:0.0000	t_s:0.800
target_deg:0.000	position_deg:0.000	error_deg:0.000	p_deg_s:0.000i_deg_s:0.000	d_deg_s:0.000	pid_deg_s:0.000	speed_deg_s:0.000	u_deg_s:0.000	v_limit_deg_s:30.000	dt_ms:10.000	kp:1.0000	ki:0.0000	kd:0.0000	t_s:0.900
target_deg:0.000	position_deg:0.000	error_deg:0.000	p_deg_s:0.000i_deg_s:0.000	d_deg_s:0.000	pid_deg_s:0.000	speed_deg_s:0.000	u_deg_s:0.000	v_limit_deg_s:30.000	dt_ms:10.000	kp:1.0000	ki:0.0000	kd:0.0000	t_s:1.000
target_deg:0.000	position_deg:0.000	error_deg:0.000	p_deg_s:0.000i_deg_s:0.000	d_deg_s:0.000	pid_deg_s:0.000	speed_deg_s:0.000	u_deg_s:0.000	v_limit_deg_s:30.000	dt_ms:10.000	kp:1.0000	ki:0.0000	kd:0.0000	t_s:1.100
target_deg:0.000	position_deg:0.000	error_deg:0.000	p_deg_s:0.000i_deg_s:0.000	d_deg_s:0.000	pid_deg_s:0.000	speed_deg_s:0.000	u_deg_s:0.000	v_limit_deg_s:30.000	dt_ms:10.000	kp:1.0000	ki:0.0000	kd:0.0000	t_s:1.200
target_deg:0.000	position_deg:0.000	error_deg:0.000	p_deg_s:0.000i_deg_s:0.000	d_deg_s:0.000	pid_deg_s:0.000	speed_deg_s:0.000	u_deg_s:0.000	v_limit_deg_s:30.000	dt_ms:10.000	kp:1.0000	ki:0.0000	kd:0.0000	t_s:1.300
target_deg:0.000	position_deg:0.000	error_deg:0.000	p_deg_s:0.000i_deg_s:0.000	d_deg_s:0.000	pid_deg_s:0.000	speed_deg_s:0.000	u_deg_s:0.000	v_limit_deg_s:30.000	dt_ms:10.000	kp:1.0000	ki:0.0000	kd:0.0000	t_s:1.400
target_deg:0.000	position_deg:0.000	error_deg:0.000	p_deg_s:0.000i_deg_s:0.000	d_deg_s:0.000	pid_deg_s:0.000	speed_deg_s:0.000	u_deg_s:0.000	v_limit_deg_s:30.000	dt_ms:10.001	kp:1.0000	ki:0.0000	kd:0.0000	t_s:1.500
target_deg:0.000	position_deg:0.000	error_deg:0.000	p_deg_s:0.000i_deg_s:0.000	d_deg_s:0.000	pid_deg_s:0.000	speed_deg_s:0.000	u_deg_s:0.000	v_limit_deg_s:30.000	dt_ms:10.000	kp:1.0000	ki:0.0000	kd:0.0000	t_s:1.600
target_deg:0.000	position_deg:0.000	error_deg:0.000	p_deg_s:0.000i_deg_s:0.000	d_deg_s:0.000	pid_deg_s:0.000	speed_deg_s:0.000	u_deg_s:0.000	v_limit_deg_s:30.000	dt_ms:10.001	kp:1.0000	ki:0.0000	kd:0.0000	t_s:1.700
target_deg:0.000	position_deg:0.000	error_deg:0.000	p_deg_s:0.000i_deg_s:0.000	d_deg_s:0.000	pid_deg_s:0.000	speed_deg_s:0.000	u_deg_s:0.000	v_limit_deg_s:30.000	dt_ms:10.001	kp:1.0000	ki:0.0000	kd:0.0000	t_s:1.800
target_deg:0.000	position_deg:0.000	error_deg:0.000	p_deg_s:0.000i_deg_s:0.000	d_deg_s:0.000	pid_deg_s:0.000	speed_deg_s:0.000	u_deg_s:0.000	v_limit_deg_s:30.000	dt_ms:10.000	kp:1.0000	ki:0.0000	kd:0.0000	t_s:1.900
target_deg:20.000	position_deg:0.000	error_deg:20.000	p_deg_s:20.000	i_deg_s:0.000	d_deg_s:0.000	pid_deg_s:20.000	speed_deg_s:0.000	u_deg_s:20.610	v_limit_deg_s:30.000	dt_ms:10.000	kp:1.0000	ki:0.0000	kd:0.0000	t_s:2.000
target_deg:20.000	position_deg:0.176	error_deg:19.824	p_deg_s:19.824	i_deg_s:0.000	d_deg_s:0.000	pid_deg_s:19.824	speed_deg_s:1.374	u_deg_s:19.236	v_limit_deg_s:30.000	dt_ms:10.000	kp:1.0000	ki:0.0000	kd:0.0000	t_s:2.100
target_deg:20.000	position_deg:1.143	error_deg:18.857	p_deg_s:18.857	i_deg_s:0.000	d_deg_s:0.000	pid_deg_s:18.857	speed_deg_s:9.618	u_deg_s:19.236	v_limit_deg_s:30.000	dt_ms:10.001	kp:1.0000	ki:0.0000	kd:0.0000	t_s:2.200
target_deg:20.000	position_deg:2.900	error_deg:17.100	p_deg_s:17.100	i_deg_s:0.000	d_deg_s:0.000	pid_deg_s:17.100	speed_deg_s:15.114	u_deg_s:16.488	v_limit_deg_s:30.000	dt_ms:10.000	kp:1.0000	ki:0.0000	kd:0.0000	t_s:2.300
target_deg:20.000	position_deg:4.570	error_deg:15.430	p_deg_s:15.430	i_deg_s:0.000	d_deg_s:0.000	pid_deg_s:15.430	speed_deg_s:16.488	u_deg_s:15.114	v_limit_deg_s:30.000	dt_ms:10.001	kp:1.0000	ki:0.0000	kd:0.0000	t_s:2.400
target_deg:20.000	position_deg:6.064	error_deg:13.936	p_deg_s:13.936	i_deg_s:0.000	d_deg_s:0.000	pid_deg_s:13.936	speed_deg_s:13.740	u_deg_s:13.740	v_limit_deg_s:30.000	dt_ms:10.001	kp:1.0000	ki:0.0000	kd:0.0000	t_s:2.500
target_deg:20.000	position_deg:7.383	error_deg:12.617	p_deg_s:12.617	i_deg_s:0.000	d_deg_s:0.000	pid_deg_s:12.617	speed_deg_s:12.366	u_deg_s:12.366	v_limit_deg_s:30.000	dt_ms:10.001	kp:1.0000	ki:0.0000	kd:0.0000	t_s:2.600
target_deg:20.000	position_deg:8.613	error_deg:11.387	p_deg_s:11.387	i_deg_s:0.000	d_deg_s:0.000	pid_deg_s:11.387	speed_deg_s:12.366	u_deg_s:10.992	v_limit_deg_s:30.000	dt_ms:10.001	kp:1.0000	ki:0.0000	kd:0.0000	t_s:2.700
target_deg:20.000	position_deg:9.668	error_deg:10.332	p_deg_s:10.332	i_deg_s:0.000	d_deg_s:0.000	pid_deg_s:10.332	speed_deg_s:10.992	u_deg_s:10.992	v_limit_deg_s:30.000	dt_ms:10.001	kp:1.0000	ki:0.0000	kd:0.0000	t_s:2.800
target_deg:20.000	position_deg:10.723	error_deg:9.277	p_deg_s:9.277i_deg_s:0.000	d_deg_s:0.000	pid_deg_s:9.277	speed_deg_s:9.618	u_deg_s:9.618	v_limit_deg_s:30.000	dt_ms:10.000	kp:1.0000	ki:0.0000	kd:0.0000	t_s:2.900
target_deg:20.000	position_deg:11.689	error_deg:8.311	p_deg_s:8.311i_deg_s:0.000	d_deg_s:0.000	pid_deg_s:8.311	speed_deg_s:8.244	u_deg_s:8.244	v_limit_deg_s:30.000	dt_ms:10.000	kp:1.0000	ki:0.0000	kd:0.0000	t_s:3.000
target_deg:20.000	position_deg:12.480	error_deg:7.520	p_deg_s:7.520i_deg_s:0.000	d_deg_s:0.000	pid_deg_s:7.520	speed_deg_s:8.244	u_deg_s:6.870	v_limit_deg_s:30.000	dt_ms:10.000	kp:1.0000	ki:0.0000	kd:0.0000	t_s:3.100
target_deg:20.000	position_deg:13.184	error_deg:6.816	p_deg_s:6.816i_deg_s:0.000	d_deg_s:0.000	pid_deg_s:6.816	speed_deg_s:6.870	u_deg_s:6.870	v_limit_deg_s:30.000	dt_ms:10.000	kp:1.0000	ki:0.0000	kd:0.0000	t_s:3.200
target_deg:20.000	position_deg:13.975	error_deg:6.025	p_deg_s:6.025i_deg_s:0.000	d_deg_s:0.000	pid_deg_s:6.025	speed_deg_s:6.870	u_deg_s:5.496	v_limit_deg_s:30.000	dt_ms:10.001	kp:1.0000	ki:0.0000	kd:0.0000	t_s:3.300
target_deg:20.000	position_deg:14.590	error_deg:5.410	p_deg_s:5.410i_deg_s:0.000	d_deg_s:0.000	pid_deg_s:5.410	speed_deg_s:5.496	u_deg_s:5.496	v_limit_deg_s:30.000	dt_ms:10.000	kp:1.0000	ki:0.0000	kd:0.0000	t_s:3.400
target_deg:20.000	position_deg:15.117	error_deg:4.883	p_deg_s:4.883i_deg_s:0.000	d_deg_s:0.000	pid_deg_s:4.883	speed_deg_s:4.122	u_deg_s:5.496	v_limit_deg_s:30.000	dt_ms:10.002	kp:1.0000	ki:0.0000	kd:0.0000	t_s:3.500
target_deg:20.000	position_deg:15.557	error_deg:4.443	p_deg_s:4.443i_deg_s:0.000	d_deg_s:0.000	pid_deg_s:4.443	speed_deg_s:2.748	u_deg_s:4.122	v_limit_deg_s:30.000	dt_ms:10.001	kp:1.0000	ki:0.0000	kd:0.0000	t_s:3.600
target_deg:20.000	position_deg:15.996	error_deg:4.004	p_deg_s:4.004i_deg_s:0.000	d_deg_s:0.000	pid_deg_s:4.004	speed_deg_s:4.122	u_deg_s:4.122	v_limit_deg_s:30.000	dt_ms:10.003	kp:1.0000	ki:0.0000	kd:0.0000	t_s:3.701
target_deg:20.000	position_deg:16.436	error_deg:3.564	p_deg_s:3.564i_deg_s:0.000	d_deg_s:0.000	pid_deg_s:3.564	speed_deg_s:4.122	u_deg_s:4.122	v_limit_deg_s:30.000	dt_ms:10.001	kp:1.0000	ki:0.0000	kd:0.0000	t_s:3.801
target_deg:20.000	position_deg:16.787	error_deg:3.213	p_deg_s:3.213i_deg_s:0.000	d_deg_s:0.000	pid_deg_s:3.213	speed_deg_s:2.748	u_deg_s:2.748	v_limit_deg_s:30.000	dt_ms:10.001	kp:1.0000	ki:0.0000	kd:0.0000	t_s:3.901
target_deg:20.000	position_deg:17.139	error_deg:2.861	p_deg_s:2.861i_deg_s:0.000	d_deg_s:0.000	pid_deg_s:2.861	speed_deg_s:2.748	u_deg_s:2.748	v_limit_deg_s:30.000	dt_ms:10.000	kp:1.0000	ki:0.0000	kd:0.0000	t_s:4.001
target_deg:20.000	position_deg:17.490	error_deg:2.510	p_deg_s:2.510i_deg_s:0.000	d_deg_s:0.000	pid_deg_s:2.510	speed_deg_s:2.748	u_deg_s:2.748	v_limit_deg_s:30.000	dt_ms:10.001	kp:1.0000	ki:0.0000	kd:0.0000	t_s:4.101
target_deg:20.000	position_deg:17.842	error_deg:2.158	p_deg_s:2.158i_deg_s:0.000	d_deg_s:0.000	pid_deg_s:2.158	speed_deg_s:2.748	u_deg_s:2.748	v_limit_deg_s:30.000	dt_ms:10.000	kp:1.0000	ki:0.0000	kd:0.0000	t_s:4.201
target_deg:20.000	position_deg:18.018	error_deg:1.982	p_deg_s:1.982i_deg_s:0.000	d_deg_s:0.000	pid_deg_s:1.982	speed_deg_s:1.374	u_deg_s:1.374	v_limit_deg_s:30.000	dt_ms:10.001	kp:1.0000	ki:0.0000	kd:0.0000	t_s:4.301
target_deg:20.000	position_deg:18.193	error_deg:1.807	p_deg_s:1.807i_deg_s:0.000	d_deg_s:0.000	pid_deg_s:1.807	speed_deg_s:0.000	u_deg_s:1.374	v_limit_deg_s:30.000	dt_ms:10.000	kp:1.0000	ki:0.0000	kd:0.0000	t_s:4.401
target_deg:20.000	position_deg:18.281	error_deg:1.719	p_deg_s:1.719i_deg_s:0.000	d_deg_s:0.000	pid_deg_s:1.719	speed_deg_s:0.000	u_deg_s:1.374	v_limit_deg_s:30.000	dt_ms:10.003	kp:1.0000	ki:0.0000	kd:0.0000	t_s:4.501
target_deg:20.000	position_deg:18.457	error_deg:1.543	p_deg_s:1.543i_deg_s:0.000	d_deg_s:0.000	pid_deg_s:1.543	speed_deg_s:1.374	u_deg_s:1.374	v_limit_deg_s:30.000	dt_ms:10.001	kp:1.0000	ki:0.0000	kd:0.0000	t_s:4.601
target_deg:20.000	position_deg:18.545	error_deg:1.455	p_deg_s:1.455i_deg_s:0.000	d_deg_s:0.000	pid_deg_s:1.455	speed_deg_s:0.000	u_deg_s:1.374	v_limit_deg_s:30.000	dt_ms:10.002	kp:1.0000	ki:0.0000	kd:0.0000	t_s:4.701
target_deg:20.000	position_deg:18.721	error_deg:1.279	p_deg_s:1.279i_deg_s:0.000	d_deg_s:0.000	pid_deg_s:1.279	speed_deg_s:1.374	u_deg_s:1.374	v_limit_deg_s:30.000	dt_ms:10.001	kp:1.0000	ki:0.0000	kd:0.0000	t_s:4.801
target_deg:20.000	position_deg:18.809	error_deg:1.191	p_deg_s:1.191i_deg_s:0.000	d_deg_s:0.000	pid_deg_s:1.191	speed_deg_s:1.374	u_deg_s:1.374	v_limit_deg_s:30.000	dt_ms:10.001	kp:1.0000	ki:0.0000	kd:0.0000	t_s:4.901
target_deg:20.000	position_deg:18.984	error_deg:1.016	p_deg_s:1.016i_deg_s:0.000	d_deg_s:0.000	pid_deg_s:1.016	speed_deg_s:0.000	u_deg_s:1.374	v_limit_deg_s:30.000	dt_ms:10.000	kp:1.0000	ki:0.0000	kd:0.0000	t_s:5.001
target_deg:20.000	position_deg:19.072	error_deg:0.928	p_deg_s:0.928i_deg_s:0.000	d_deg_s:0.000	pid_deg_s:0.928	speed_deg_s:0.000	u_deg_s:1.374	v_limit_deg_s:30.000	dt_ms:10.000	kp:1.0000	ki:0.0000	kd:0.0000	t_s:5.101
target_deg:20.000	position_deg:19.248	error_deg:0.752	p_deg_s:0.752i_deg_s:0.000	d_deg_s:0.000	pid_deg_s:0.752	speed_deg_s:1.374	u_deg_s:1.374	v_limit_deg_s:30.000	dt_ms:10.001	kp:1.0000	ki:0.0000	kd:0.0000	t_s:5.201
target_deg:20.000	position_deg:19.248	error_deg:0.752	p_deg_s:0.752i_deg_s:0.000	d_deg_s:0.000	pid_deg_s:0.752	speed_deg_s:0.000	u_deg_s:1.374	v_limit_deg_s:30.000	dt_ms:10.000	kp:1.0000	ki:0.0000	kd:0.0000	t_s:5.301
target_deg:20.000	position_deg:19.248	error_deg:0.752	p_deg_s:0.752i_deg_s:0.000	d_deg_s:0.000	pid_deg_s:0.752	speed_deg_s:0.000	u_deg_s:1.374	v_limit_deg_s:30.000	dt_ms:10.000	kp:1.0000	ki:0.0000	kd:0.0000	t_s:5.401
target_deg:20.000	position_deg:19.336	error_deg:0.664	p_deg_s:0.664i_deg_s:0.000	d_deg_s:0.000	pid_deg_s:0.664	speed_deg_s:0.000	u_deg_s:0.000	v_limit_deg_s:30.000	dt_ms:10.001	kp:1.0000	ki:0.0000	kd:0.0000	t_s:5.501
target_deg:20.000	position_deg:19.336	error_deg:0.664	p_deg_s:0.664i_deg_s:0.000	d_deg_s:0.000	pid_deg_s:0.664	speed_deg_s:0.000	u_deg_s:0.000	v_limit_deg_s:30.000	dt_ms:10.000	kp:1.0000	ki:0.0000	kd:0.0000	t_s:5.601
target_deg:20.000	position_deg:19.336	error_deg:0.664	p_deg_s:0.664i_deg_s:0.000	d_deg_s:0.000	pid_deg_s:0.664	speed_deg_s:0.000	u_deg_s:0.000	v_limit_deg_s:30.000	dt_ms:10.002	kp:1.0000	ki:0.0000	kd:0.0000	t_s:5.701
target_deg:20.000	position_deg:19.336	error_deg:0.664	p_deg_s:0.664i_deg_s:0.000	d_deg_s:0.000	pid_deg_s:0.664	speed_deg_s:0.000	u_deg_s:0.000	v_limit_deg_s:30.000	dt_ms:10.001	kp:1.0000	ki:0.0000	kd:0.0000	t_s:5.801
target_deg:20.000	position_deg:19.336	error_deg:0.664	p_deg_s:0.664i_deg_s:0.000	d_deg_s:0.000	pid_deg_s:0.664	speed_deg_s:0.000	u_deg_s:0.000	v_limit_deg_s:30.000	dt_ms:10.003	kp:1.0000	ki:0.0000	kd:0.0000	t_s:5.901
target_deg:20.000	position_deg:19.248	error_deg:0.752	p_deg_s:0.752i_deg_s:0.000	d_deg_s:0.000	pid_deg_s:0.752	speed_deg_s:0.000	u_deg_s:1.374	v_limit_deg_s:30.000	dt_ms:10.002	kp:1.0000	ki:0.0000	kd:0.0000	t_s:6.001
target_deg:20.000	position_deg:19.336	error_deg:0.664	p_deg_s:0.664i_deg_s:0.000	d_deg_s:0.000	pid_deg_s:0.664	speed_deg_s:0.000	u_deg_s:0.000	v_limit_deg_s:30.000	dt_ms:10.002	kp:1.0000	ki:0.0000	kd:0.0000	t_s:6.101
target_deg:20.000	position_deg:19.336	error_deg:0.664	p_deg_s:0.664i_deg_s:0.000	d_deg_s:0.000	pid_deg_s:0.664	speed_deg_s:0.000	u_deg_s:0.000	v_limit_deg_s:30.000	dt_ms:10.002	kp:1.0000	ki:0.0000	kd:0.0000	t_s:6.201
target_deg:20.000	position_deg:19.336	error_deg:0.664	p_deg_s:0.664i_deg_s:0.000	d_deg_s:0.000	pid_deg_s:0.664	speed_deg_s:0.000	u_deg_s:0.000	v_limit_deg_s:30.000	dt_ms:10.002	kp:1.0000	ki:0.0000	kd:0.0000	t_s:6.301
target_deg:20.000	position_deg:19.336	error_deg:0.664	p_deg_s:0.664i_deg_s:0.000	d_deg_s:0.000	pid_deg_s:0.664	speed_deg_s:0.000	u_deg_s:0.000	v_limit_deg_s:30.000	dt_ms:10.001	kp:1.0000	ki:0.0000	kd:0.0000	t_s:6.401
target_deg:20.000	position_deg:19.424	error_deg:0.576	p_deg_s:0.576i_deg_s:0.000	d_deg_s:0.000	pid_deg_s:0.576	speed_deg_s:0.000	u_deg_s:0.000	v_limit_deg_s:30.000	dt_ms:10.003	kp:1.0000	ki:0.0000	kd:0.0000	t_s:6.501
target_deg:20.000	position_deg:19.336	error_deg:0.664	p_deg_s:0.664i_deg_s:0.000	d_deg_s:0.000	pid_deg_s:0.664	speed_deg_s:0.000	u_deg_s:0.000	v_limit_deg_s:30.000	dt_ms:10.001	kp:1.0000	ki:0.0000	kd:0.0000	t_s:6.601
target_deg:20.000	position_deg:19.336	error_deg:0.664	p_deg_s:0.664i_deg_s:0.000	d_deg_s:0.000	pid_deg_s:0.664	speed_deg_s:0.000	u_deg_s:0.000	v_limit_deg_s:30.000	dt_ms:10.000	kp:1.0000	ki:0.0000	kd:0.0000	t_s:6.701
target_deg:20.000	position_deg:19.336	error_deg:0.664	p_deg_s:0.664i_deg_s:0.000	d_deg_s:0.000	pid_deg_s:0.664	speed_deg_s:0.000	u_deg_s:0.000	v_limit_deg_s:30.000	dt_ms:10.003	kp:1.0000	ki:0.0000	kd:0.0000	t_s:6.801
target_deg:20.000	position_deg:19.336	error_deg:0.664	p_deg_s:0.664i_deg_s:0.000	d_deg_s:0.000	pid_deg_s:0.664	speed_deg_s:0.000	u_deg_s:0.000	v_limit_deg_s:30.000	dt_ms:10.001	kp:1.0000	ki:0.0000	kd:0.0000	t_s:6.901
target_deg:20.000	position_deg:19.336	error_deg:0.664	p_deg_s:0.664i_deg_s:0.000	d_deg_s:0.000	pid_deg_s:0.664	speed_deg_s:0.000	u_deg_s:0.000	v_limit_deg_s:30.000	dt_ms:10.001	kp:1.0000	ki:0.0000	kd:0.0000	t_s:7.001
target_deg:20.000	position_deg:19.336	error_deg:0.664	p_deg_s:0.664i_deg_s:0.000	d_deg_s:0.000	pid_deg_s:0.664	speed_deg_s:0.000	u_deg_s:0.000	v_limit_deg_s:30.000	dt_ms:10.002	kp:1.0000	ki:0.0000	kd:0.0000	t_s:7.101
target_deg:20.000	position_deg:19.336	error_deg:0.664	p_deg_s:0.664i_deg_s:0.000	d_deg_s:0.000	pid_deg_s:0.664	speed_deg_s:0.000	u_deg_s:0.000	v_limit_deg_s:30.000	dt_ms:10.000	kp:1.0000	ki:0.0000	kd:0.0000	t_s:7.201
target_deg:20.000	position_deg:19.336	error_deg:0.664	p_deg_s:0.664i_deg_s:0.000	d_deg_s:0.000	pid_deg_s:0.664	speed_deg_s:0.000	u_deg_s:0.000	v_limit_deg_s:30.000	dt_ms:10.003	kp:1.0000	ki:0.0000	kd:0.0000	t_s:7.301
target_deg:20.000	position_deg:19.336	error_deg:0.664	p_deg_s:0.664i_deg_s:0.000	d_deg_s:0.000	pid_deg_s:0.664	speed_deg_s:0.000	u_deg_s:0.000	v_limit_deg_s:30.000	dt_ms:10.001	kp:1.0000	ki:0.0000	kd:0.0000	t_s:7.401
target_deg:20.000	position_deg:19.336	error_deg:0.664	p_deg_s:0.664i_deg_s:0.000	d_deg_s:0.000	pid_deg_s:0.664	speed_deg_s:0.000	u_deg_s:0.000	v_limit_deg_s:30.000	dt_ms:10.003	kp:1.0000	ki:0.0000	kd:0.0000	t_s:7.501
target_deg:20.000	position_deg:19.336	error_deg:0.664	p_deg_s:0.664i_deg_s:0.000	d_deg_s:0.000	pid_deg_s:0.664	speed_deg_s:0.000	u_deg_s:0.000	v_limit_deg_s:30.000	dt_ms:10.001	kp:1.0000	ki:0.0000	kd:0.0000	t_s:7.601
target_deg:20.000	position_deg:19.336	error_deg:0.664	p_deg_s:0.664i_deg_s:0.000	d_deg_s:0.000	pid_deg_s:0.664	speed_deg_s:0.000	u_deg_s:0.000	v_limit_deg_s:30.000	dt_ms:10.002	kp:1.0000	ki:0.0000	kd:0.0000	t_s:7.701
target_deg:20.000	position_deg:19.336	error_deg:0.664	p_deg_s:0.664i_deg_s:0.000	d_deg_s:0.000	pid_deg_s:0.664	speed_deg_s:0.000	u_deg_s:0.000	v_limit_deg_s:30.000	dt_ms:10.002	kp:1.0000	ki:0.0000	kd:0.0000	t_s:7.801
target_deg:20.000	position_deg:19.336	error_deg:0.664	p_deg_s:0.664i_deg_s:0.000	d_deg_s:0.000	pid_deg_s:0.664	speed_deg_s:0.000	u_deg_s:0.000	v_limit_deg_s:30.000	dt_ms:10.001	kp:1.0000	ki:0.0000	kd:0.0000	t_s:7.901
target_deg:20.000	position_deg:19.336	error_deg:0.664	p_deg_s:0.664i_deg_s:0.000	d_deg_s:0.000	pid_deg_s:0.664	speed_deg_s:0.000	u_deg_s:0.000	v_limit_deg_s:30.000	dt_ms:10.000	kp:1.0000	ki:0.0000	kd:0.0000	t_s:8.001
target_deg:20.000	position_deg:19.336	error_deg:0.664	p_deg_s:0.664i_deg_s:0.000	d_deg_s:0.000	pid_deg_s:0.664	speed_deg_s:0.000	u_deg_s:0.000	v_limit_deg_s:30.000	dt_ms:10.001	kp:1.0000	ki:0.0000	kd:0.0000	t_s:8.101
target_deg:20.000	position_deg:19.336	error_deg:0.664	p_deg_s:0.664i_deg_s:0.000	d_deg_s:0.000	pid_deg_s:0.664	speed_deg_s:0.000	u_deg_s:0.000	v_limit_deg_s:30.000	dt_ms:10.002	kp:1.0000	ki:0.0000	kd:0.0000	t_s:8.201
target_deg:20.000	position_deg:19.336	error_deg:0.664	p_deg_s:0.664i_deg_s:0.000	d_deg_s:0.000	pid_deg_s:0.664	speed_deg_s:0.000	u_deg_s:0.000	v_limit_deg_s:30.000	dt_ms:10.001	kp:1.0000	ki:0.0000	kd:0.0000	t_s:8.301
target_deg:20.000	position_deg:19.336	error_deg:0.664	p_deg_s:0.664i_deg_s:0.000	d_deg_s:0.000	pid_deg_s:0.664	speed_deg_s:0.000	u_deg_s:0.000	v_limit_deg_s:30.000	dt_ms:10.001	kp:1.0000	ki:0.0000	kd:0.0000	t_s:8.401
target_deg:20.000	position_deg:19.336	error_deg:0.664	p_deg_s:0.664i_deg_s:0.000	d_deg_s:0.000	pid_deg_s:0.664	speed_deg_s:0.000	u_deg_s:0.000	v_limit_deg_s:30.000	dt_ms:10.002	kp:1.0000	ki:0.0000	kd:0.0000	t_s:8.501
target_deg:20.000	position_deg:19.336	error_deg:0.664	p_deg_s:0.664i_deg_s:0.000	d_deg_s:0.000	pid_deg_s:0.664	speed_deg_s:0.000	u_deg_s:0.000	v_limit_deg_s:30.000	dt_ms:10.001	kp:1.0000	ki:0.0000	kd:0.0000	t_s:8.601
xSTOP: user

